
> launch-deck@0.1.0 build
> vite build

[36mvite v6.4.1 [32mbuilding for production...[36m[39m
transforming...
[32m✓[39m 1688 modules transformed.
node.exe : 
[31m✗[39m Build 
failed in 3.35s
At line:1 char:1
+ & "C:\Program Files\
nodejs/node.exe" "C:\U
sers\ohirs\AppData\Roa
ming\ ...
+ ~~~~~~~~~~~~~~~~~~~~
~~~~~~~~~~~~~~~~~~~~~~
~~~~~~~~~~~~~~~~~~~~~~
~~~~~
    + CategoryInfo    
          : NotSpeci  
  fied: ([31m✗[39   
 m Build failed in    
 3.35s:String) []    
, RemoteException
    + FullyQualifiedE 
   rrorId : NativeCo  
  mmandError
 
[31merror during 
build:
[31msrc/components/la
yout/TopBar.jsx 
(1:55): "CloudSync" 
is not exported by "no
de_modules/lucide-reac
t/dist/esm/lucide-reac
t.js", imported by "sr
c/components/layout/To
pBar.jsx".[31m
file: [36mC:/Users/oh
irs/OneDrive/Documents
/Visual Studio Project
s/launch-deck/src/comp
onents/layout/TopBar.j
sx:1:55[31m
[33m
1: import { Search, 
Bell, Minus, 
Maximize2, Minimize2, 
X, CloudSync, Cloud } 
from 'lucide-react'
                      
                      
              ^
2: import { useAuth } 
from 
'../../hooks/useAuth'
3: import { 
useGameContext } from 
'../../context/GameCon
text'
[31m
    at getRollupError 
(file:///C:/Users/ohir
s/OneDrive/Documents/V
isual%20Studio%20Proje
cts/launch-deck/node_m
odules/rollup/dist/es/
shared/parseAst.js:402
:41)
    at error (file:///
C:/Users/ohirs/OneDriv
e/Documents/Visual%20S
tudio%20Projects/launc
h-deck/node_modules/ro
llup/dist/es/shared/pa
rseAst.js:398:42)
    at Module.error (f
ile:///C:/Users/ohirs/
OneDrive/Documents/Vis
ual%20Studio%20Project
s/launch-deck/node_mod
ules/rollup/dist/es/sh
ared/node-entry.js:170
40:16)
    at 
Module.traceVariable (
file:///C:/Users/ohirs
/OneDrive/Documents/Vi
sual%20Studio%20Projec
ts/launch-deck/node_mo
dules/rollup/dist/es/s
hared/node-entry.js:17
452:29)
    at ModuleScope.fin
dVariable (file:///C:/
Users/ohirs/OneDrive/D
ocuments/Visual%20Stud
io%20Projects/launch-d
eck/node_modules/rollu
p/dist/es/shared/node-
entry.js:15070:39)
    at FunctionScope.f
indVariable (file:///C
:/Users/ohirs/OneDrive
/Documents/Visual%20St
udio%20Projects/launch
-deck/node_modules/rol
lup/dist/es/shared/nod
e-entry.js:5673:38)
    at FunctionBodySco
pe.findVariable (file:
///C:/Users/ohirs/OneD
rive/Documents/Visual%
20Studio%20Projects/la
unch-deck/node_modules
/rollup/dist/es/shared
/node-entry.js:5673:38
)
    at 
Identifier.bind (file:
///C:/Users/ohirs/OneD
rive/Documents/Visual%
20Studio%20Projects/la
unch-deck/node_modules
/rollup/dist/es/shared
/node-entry.js:5447:40
)
    at 
CallExpression.bind (f
ile:///C:/Users/ohirs/
OneDrive/Documents/Vis
ual%20Studio%20Project
s/launch-deck/node_mod
ules/rollup/dist/es/sh
ared/node-entry.js:282
5:28)
    at 
CallExpression.bind (f
ile:///C:/Users/ohirs/
OneDrive/Documents/Vis
ual%20Studio%20Project
s/launch-deck/node_mod
ules/rollup/dist/es/sh
ared/node-entry.js:121
79:15)[39m
